Microsoft Windows [Version 6.3.9600]
(c) 2013 Microsoft Corporation. All rights reserved.

C:\Users\user1\Desktop\demo45>git --version
git version 2.35.3.windows.1

C:\Users\user1\Desktop\demo45>git log
commit eefe3aafaa3106a2e63e9774577e28d60dc5b788 (HEAD -> duplicate2, master, che
ckout)
Author: Ujala Yadav <ujalayadav9454@gmail.com>
Date:   Sat Apr 16 17:16:43 2022 +0530

    1st commit

C:\Users\user1\Desktop\demo45>git branch
  checkout
  duplicate
* duplicate2
  master

C:\Users\user1\Desktop\demo45>git add.
git: 'add.' is not a git command. See 'git --help'.

The most similar command is
        add

C:\Users\user1\Desktop\demo45>git add .

C:\Users\user1\Desktop\demo45>git commit  -m "1st commit for the duplicate2 bran
ch"
[duplicate2 2d6bc43] 1st commit for the duplicate2 branch
 1 file changed, 2 insertions(+), 1 deletion(-)

C:\Users\user1\Desktop\demo45>git log
commit 2d6bc435d41afbec4bd65ccdee2701372f28df79 (HEAD -> duplicate2)
Author: Ujala Yadav <ujalayadav9454@gmail.com>
Date:   Sun Apr 17 16:13:26 2022 +0530

    1st commit for the duplicate2 branch

commit eefe3aafaa3106a2e63e9774577e28d60dc5b788 (master, checkout)
Author: Ujala Yadav <ujalayadav9454@gmail.com>
Date:   Sat Apr 16 17:16:43 2022 +0530

    1st commit

C:\Users\user1\Desktop\demo45>git checkout master
Switched to branch 'master'

C:\Users\user1\Desktop\demo45>git branch
  checkout
  duplicate
  duplicate2
* master

C:\Users\user1\Desktop\demo45>git checkout duplicate
Switched to branch 'duplicate'

C:\Users\user1\Desktop\demo45>git  branch
  checkout
* duplicate
  duplicate2
  master

C:\Users\user1\Desktop\demo45>git checkout checkout
Switched to branch 'checkout'

C:\Users\user1\Desktop\demo45>git branch
* checkout
  duplicate
  duplicate2
  master

C:\Users\user1\Desktop\demo45>git checkout master
Switched to branch 'master'

C:\Users\user1\Desktop\demo45>git branch -D duplicate
Deleted branch duplicate (was 617227c).

C:\Users\user1\Desktop\demo45>git branch
  checkout
  duplicate2
* master

C:\Users\user1\Desktop\demo45>git branch -D checkout
Deleted branch checkout (was eefe3aa).

C:\Users\user1\Desktop\demo45>git branch
  duplicate2
* master

C:\Users\user1\Desktop\demo45>git merge duplicate2
Updating eefe3aa..2d6bc43
Fast-forward
 project.txt | 3 ++-
 1 file changed, 2 insertions(+), 1 deletion(-)

C:\Users\user1\Desktop\demo45>git remote add origin https://github.com/UjalaYada
v/batch45.git

C:\Users\user1\Desktop\demo45>git branch
  duplicate2
* master

C:\Users\user1\Desktop\demo45>git puch origin master
git: 'puch' is not a git command. See 'git --help'.

The most similar command is
        push

C:\Users\user1\Desktop\demo45>
C:\Users\user1\Desktop\demo45>git push origin master
info: please complete authentication in your browser...
Enumerating objects: 6, done.
Counting objects: 100% (6/6), done.
Delta compression using up to 4 threads
Compressing objects: 100% (3/3), done.
Writing objects: 100% (6/6), 508 bytes | 101.00 KiB/s, done.
Total 6 (delta 0), reused 0 (delta 0), pack-reused 0
To https://github.com/UjalaYadav/batch45.git
 * [new branch]     master -> master
<<<<<<< HEAD
project.txt
C:\Users\user1\Desktop\demo45>
=======

C:\Users\user1\Desktop\demo45>this is test for duplicate branch 3
>>>>>>> duplicate3
